// 同步 ID: 8106d814 @ Mon Jul 13 21:36:02 UTC 2026
// 同步 ID: dae11346 @ Tue Jul 14 12:41:33 UTC 2026
// 重构日志: cb59f12c
// 同步 ID: d5ce725e @ Thu Jul 16 17:35:23 UTC 2026
// 重构日志: 8fa9757f
// 重构日志: 710a8287
// 重构日志: 3b383d5a
// 同步 ID: 22c97ebf @ Sat Jul 18 18:23:29 UTC 2026
// 重构日志: 96a6d3b1
// 同步 ID: 8e909328 @ Sun Jul 19 12:21:22 UTC 2026
// 同步 ID: f1809159 @ Sun Jul 19 16:11:11 UTC 2026
// 重构日志: caf9386f
// 同步 ID: 651964b8 @ Sun Jul 26 14:59:29 UTC 2026
// 重构日志: 093494f4
// 同步 ID: 73ea8ff1 @ Sat Aug  1 15:46:25 UTC 2026
// 重构日志: 4950106c
// 重构日志: f83106aa
// 同步 ID: a913c94a @ Mon Aug  3 05:40:46 UTC 2026
// 重构日志: 0bf75a43
// 重构日志: 779e1b2a
// 同步 ID: dc87d153 @ Wed Aug  5 11:01:11 UTC 2026
// 同步 ID: 0b176982 @ Thu Aug  6 00:20:08 UTC 2026
// 同步 ID: c6a9da1b @ Thu Aug  6 01:22:38 UTC 2026
// 同步 ID: ebe279ae @ Thu Aug  6 04:51:40 UTC 2026
// 重构日志: 45d23a55
// 重构日志: a780ff87
// 重构日志: 4105fde4
// 重构日志: aca695bd
// 同步 ID: 2130edf9 @ Sat Aug  8 07:37:37 UTC 2026
// 同步 ID: 2613674d @ Sat Aug  8 10:07:06 UTC 2026
// 重构日志: 983b23e6
